// Jest Snapshot v1, https://goo.gl/fbAQLP

exports[`VirtualList should be rendered correctly 1`] = `
<div
  className="wrapper root"
>
  <div
    className="os-host"
    style={
      Object {
        "width": "100%",
      }
    }
  >
    <div
      className="os-resize-observer-host"
    />
    <div
      className="os-padding"
    >
      <div
        className="os-viewport"
      >
        <div
          className="os-content"
        >
          <div
            className="container2"
            style={
              Object {
                "minHeight": null,
              }
            }
          >
            <div
              className="container3"
              style={
                Object {
                  "marginTop": 0,
                }
              }
            />
          </div>
        </div>
      </div>
    </div>
    <div
      className="os-scrollbar os-scrollbar-horizontal "
    >
      <div
        className="os-scrollbar-track"
      >
        <div
          className="os-scrollbar-handle"
        />
      </div>
    </div>
    <div
      className="os-scrollbar os-scrollbar-vertical"
    >
      <div
        className="os-scrollbar-track"
      >
        <div
          className="os-scrollbar-handle"
        />
      </div>
    </div>
    <div
      className="os-scrollbar-corner"
    />
  </div>
  <div
    className="uui-scroll-shadow-top"
  />
  <div
    className="uui-scroll-shadow-bottom"
  />
</div>
`;
