// Jest Snapshot v1, https://goo.gl/fbAQLP

exports[`ColumnPickerFilter should be rendered correctly 1`] = `
<div
  className="root size-36 background-white body undefined container align-items-center"
  style={
    Object {
      "maxHeight": 300,
    }
  }
>
  <div
    className="wrapper root"
  >
    <div
      className="os-host"
      style={
        Object {
          "height": 300,
          "width": "100%",
        }
      }
    >
      <div
        className="os-resize-observer-host"
      />
      <div
        className="os-padding"
      >
        <div
          className="os-viewport"
        >
          <div
            className="os-content"
          >
            <div
              className="container2"
              style={
                Object {
                  "minHeight": null,
                }
              }
            >
              <div
                className="container3"
                style={
                  Object {
                    "marginTop": 0,
                  }
                }
              >
                <div
                  className="pickerRow -clickable uui-focus container -clickable align-items-center"
                  onClick={[Function]}
                >
                  <div
                    className="flexCell cell size-30 padding-12 padding-left-12 align-widgets-top"
                    onClick={[Function]}
                    style={
                      Object {
                        "alignSelf": undefined,
                        "flexBasis": "0",
                        "flexGrow": 1,
                        "flexShrink": undefined,
                        "minWidth": 0,
                        "textAlign": undefined,
                      }
                    }
                  >
                    <div
                      className="renderItem"
                    >
                      <div
                        className="root font-sans text-color-gray80 line-height-18 font-size-14 v-padding-6 container"
                      />
                      <div
                        className="flexSpacer"
                      />
                    </div>
                  </div>
                </div>
                <div
                  className="pickerRow -clickable container -clickable align-items-center"
                  onClick={[Function]}
                >
                  <div
                    className="flexCell cell size-30 padding-12 padding-left-12 align-widgets-top"
                    onClick={[Function]}
                    style={
                      Object {
                        "alignSelf": undefined,
                        "flexBasis": "0",
                        "flexGrow": 1,
                        "flexShrink": undefined,
                        "minWidth": 0,
                        "textAlign": undefined,
                      }
                    }
                  >
                    <div
                      className="renderItem"
                    >
                      <div
                        className="root font-sans text-color-gray80 line-height-18 font-size-14 v-padding-6 container"
                      />
                      <div
                        className="flexSpacer"
                      />
                    </div>
                  </div>
                </div>
                <div
                  className="pickerRow -clickable container -clickable align-items-center"
                  onClick={[Function]}
                >
                  <div
                    className="flexCell cell size-30 padding-12 padding-left-12 align-widgets-top"
                    onClick={[Function]}
                    style={
                      Object {
                        "alignSelf": undefined,
                        "flexBasis": "0",
                        "flexGrow": 1,
                        "flexShrink": undefined,
                        "minWidth": 0,
                        "textAlign": undefined,
                      }
                    }
                  >
                    <div
                      className="renderItem"
                    >
                      <div
                        className="root font-sans text-color-gray80 line-height-18 font-size-14 v-padding-6 container"
                      />
                      <div
                        className="flexSpacer"
                      />
                    </div>
                  </div>
                </div>
                <div
                  className="pickerRow -clickable container -clickable align-items-center"
                  onClick={[Function]}
                >
                  <div
                    className="flexCell cell size-30 padding-12 padding-left-12 align-widgets-top"
                    onClick={[Function]}
                    style={
                      Object {
                        "alignSelf": undefined,
                        "flexBasis": "0",
                        "flexGrow": 1,
                        "flexShrink": undefined,
                        "minWidth": 0,
                        "textAlign": undefined,
                      }
                    }
                  >
                    <div
                      className="renderItem"
                    >
                      <div
                        className="root font-sans text-color-gray80 line-height-18 font-size-14 v-padding-6 container"
                      />
                      <div
                        className="flexSpacer"
                      />
                    </div>
                  </div>
                </div>
                <div
                  className="pickerRow -clickable container -clickable align-items-center"
                  onClick={[Function]}
                >
                  <div
                    className="flexCell cell size-30 padding-12 padding-left-12 align-widgets-top"
                    onClick={[Function]}
                    style={
                      Object {
                        "alignSelf": undefined,
                        "flexBasis": "0",
                        "flexGrow": 1,
                        "flexShrink": undefined,
                        "minWidth": 0,
                        "textAlign": undefined,
                      }
                    }
                  >
                    <div
                      className="renderItem"
                    >
                      <div
                        className="root font-sans text-color-gray80 line-height-18 font-size-14 v-padding-6 container"
                      />
                      <div
                        className="flexSpacer"
                      />
                    </div>
                  </div>
                </div>
                <div
                  className="pickerRow -clickable container -clickable align-items-center"
                  onClick={[Function]}
                >
                  <div
                    className="flexCell cell size-30 padding-12 padding-left-12 align-widgets-top"
                    onClick={[Function]}
                    style={
                      Object {
                        "alignSelf": undefined,
                        "flexBasis": "0",
                        "flexGrow": 1,
                        "flexShrink": undefined,
                        "minWidth": 0,
                        "textAlign": undefined,
                      }
                    }
                  >
                    <div
                      className="renderItem"
                    >
                      <div
                        className="root font-sans text-color-gray80 line-height-18 font-size-14 v-padding-6 container"
                      />
                      <div
                        className="flexSpacer"
                      />
                    </div>
                  </div>
                </div>
                <div
                  className="pickerRow -clickable container -clickable align-items-center"
                  onClick={[Function]}
                >
                  <div
                    className="flexCell cell size-30 padding-12 padding-left-12 align-widgets-top"
                    onClick={[Function]}
                    style={
                      Object {
                        "alignSelf": undefined,
                        "flexBasis": "0",
                        "flexGrow": 1,
                        "flexShrink": undefined,
                        "minWidth": 0,
                        "textAlign": undefined,
                      }
                    }
                  >
                    <div
                      className="renderItem"
                    >
                      <div
                        className="root font-sans text-color-gray80 line-height-18 font-size-14 v-padding-6 container"
                      />
                      <div
                        className="flexSpacer"
                      />
                    </div>
                  </div>
                </div>
                <div
                  className="pickerRow -clickable container -clickable align-items-center"
                  onClick={[Function]}
                >
                  <div
                    className="flexCell cell size-30 padding-12 padding-left-12 align-widgets-top"
                    onClick={[Function]}
                    style={
                      Object {
                        "alignSelf": undefined,
                        "flexBasis": "0",
                        "flexGrow": 1,
                        "flexShrink": undefined,
                        "minWidth": 0,
                        "textAlign": undefined,
                      }
                    }
                  >
                    <div
                      className="renderItem"
                    >
                      <div
                        className="root font-sans text-color-gray80 line-height-18 font-size-14 v-padding-6 container"
                      />
                      <div
                        className="flexSpacer"
                      />
                    </div>
                  </div>
                </div>
                <div
                  className="pickerRow -clickable container -clickable align-items-center"
                  onClick={[Function]}
                >
                  <div
                    className="flexCell cell size-30 padding-12 padding-left-12 align-widgets-top"
                    onClick={[Function]}
                    style={
                      Object {
                        "alignSelf": undefined,
                        "flexBasis": "0",
                        "flexGrow": 1,
                        "flexShrink": undefined,
                        "minWidth": 0,
                        "textAlign": undefined,
                      }
                    }
                  >
                    <div
                      className="renderItem"
                    >
                      <div
                        className="root font-sans text-color-gray80 line-height-18 font-size-14 v-padding-6 container"
                      />
                      <div
                        className="flexSpacer"
                      />
                    </div>
                  </div>
                </div>
                <div
                  className="pickerRow -clickable container -clickable align-items-center"
                  onClick={[Function]}
                >
                  <div
                    className="flexCell cell size-30 padding-12 padding-left-12 align-widgets-top"
                    onClick={[Function]}
                    style={
                      Object {
                        "alignSelf": undefined,
                        "flexBasis": "0",
                        "flexGrow": 1,
                        "flexShrink": undefined,
                        "minWidth": 0,
                        "textAlign": undefined,
                      }
                    }
                  >
                    <div
                      className="renderItem"
                    >
                      <div
                        className="root font-sans text-color-gray80 line-height-18 font-size-14 v-padding-6 container"
                      />
                      <div
                        className="flexSpacer"
                      />
                    </div>
                  </div>
                </div>
                <div
                  className="pickerRow -clickable container -clickable align-items-center"
                  onClick={[Function]}
                >
                  <div
                    className="flexCell cell size-30 padding-12 padding-left-12 align-widgets-top"
                    onClick={[Function]}
                    style={
                      Object {
                        "alignSelf": undefined,
                        "flexBasis": "0",
                        "flexGrow": 1,
                        "flexShrink": undefined,
                        "minWidth": 0,
                        "textAlign": undefined,
                      }
                    }
                  >
                    <div
                      className="renderItem"
                    >
                      <div
                        className="root font-sans text-color-gray80 line-height-18 font-size-14 v-padding-6 container"
                      />
                      <div
                        className="flexSpacer"
                      />
                    </div>
                  </div>
                </div>
              </div>
            </div>
          </div>
        </div>
      </div>
      <div
        className="os-scrollbar os-scrollbar-horizontal "
      >
        <div
          className="os-scrollbar-track"
        >
          <div
            className="os-scrollbar-handle"
          />
        </div>
      </div>
      <div
        className="os-scrollbar os-scrollbar-vertical"
      >
        <div
          className="os-scrollbar-track"
        >
          <div
            className="os-scrollbar-handle"
          />
        </div>
      </div>
      <div
        className="os-scrollbar-corner"
      />
    </div>
    <div
      className="uui-scroll-shadow-top"
    />
    <div
      className="uui-scroll-shadow-bottom"
    />
  </div>
</div>
`;

exports[`ColumnPickerFilter should be rendered correctly 2`] = `
<div
  className="root size-36 background-white body undefined container align-items-center"
  style={
    Object {
      "maxHeight": 300,
    }
  }
>
  <div
    className="wrapper root"
  >
    <div
      className="os-host"
      style={
        Object {
          "height": 300,
          "width": "100%",
        }
      }
    >
      <div
        className="os-resize-observer-host"
      />
      <div
        className="os-padding"
      >
        <div
          className="os-viewport"
        >
          <div
            className="os-content"
          >
            <div
              className="container2"
              style={
                Object {
                  "minHeight": null,
                }
              }
            >
              <div
                className="container3"
                style={
                  Object {
                    "marginTop": 0,
                  }
                }
              >
                <div
                  className="pickerRow -clickable uui-focus container -clickable align-items-center"
                  onClick={[Function]}
                >
                  <div
                    className="flexCell cell size-30 padding-12 padding-left-12 align-widgets-top"
                    onClick={[Function]}
                    style={
                      Object {
                        "alignSelf": undefined,
                        "flexBasis": "0",
                        "flexGrow": 1,
                        "flexShrink": undefined,
                        "minWidth": 0,
                        "textAlign": undefined,
                      }
                    }
                  >
                    <div
                      className="renderItem"
                    >
                      <div
                        className="root font-sans text-color-gray80 line-height-18 font-size-14 v-padding-6 container"
                      />
                      <div
                        className="flexSpacer"
                      />
                    </div>
                  </div>
                </div>
                <div
                  className="pickerRow -clickable container -clickable align-items-center"
                  onClick={[Function]}
                >
                  <div
                    className="flexCell cell size-30 padding-12 padding-left-12 align-widgets-top"
                    onClick={[Function]}
                    style={
                      Object {
                        "alignSelf": undefined,
                        "flexBasis": "0",
                        "flexGrow": 1,
                        "flexShrink": undefined,
                        "minWidth": 0,
                        "textAlign": undefined,
                      }
                    }
                  >
                    <div
                      className="renderItem"
                    >
                      <div
                        className="root font-sans text-color-gray80 line-height-18 font-size-14 v-padding-6 container"
                      />
                      <div
                        className="flexSpacer"
                      />
                    </div>
                  </div>
                </div>
                <div
                  className="pickerRow -clickable container -clickable align-items-center"
                  onClick={[Function]}
                >
                  <div
                    className="flexCell cell size-30 padding-12 padding-left-12 align-widgets-top"
                    onClick={[Function]}
                    style={
                      Object {
                        "alignSelf": undefined,
                        "flexBasis": "0",
                        "flexGrow": 1,
                        "flexShrink": undefined,
                        "minWidth": 0,
                        "textAlign": undefined,
                      }
                    }
                  >
                    <div
                      className="renderItem"
                    >
                      <div
                        className="root font-sans text-color-gray80 line-height-18 font-size-14 v-padding-6 container"
                      />
                      <div
                        className="flexSpacer"
                      />
                    </div>
                  </div>
                </div>
                <div
                  className="pickerRow -clickable container -clickable align-items-center"
                  onClick={[Function]}
                >
                  <div
                    className="flexCell cell size-30 padding-12 padding-left-12 align-widgets-top"
                    onClick={[Function]}
                    style={
                      Object {
                        "alignSelf": undefined,
                        "flexBasis": "0",
                        "flexGrow": 1,
                        "flexShrink": undefined,
                        "minWidth": 0,
                        "textAlign": undefined,
                      }
                    }
                  >
                    <div
                      className="renderItem"
                    >
                      <div
                        className="root font-sans text-color-gray80 line-height-18 font-size-14 v-padding-6 container"
                      />
                      <div
                        className="flexSpacer"
                      />
                    </div>
                  </div>
                </div>
                <div
                  className="pickerRow -clickable container -clickable align-items-center"
                  onClick={[Function]}
                >
                  <div
                    className="flexCell cell size-30 padding-12 padding-left-12 align-widgets-top"
                    onClick={[Function]}
                    style={
                      Object {
                        "alignSelf": undefined,
                        "flexBasis": "0",
                        "flexGrow": 1,
                        "flexShrink": undefined,
                        "minWidth": 0,
                        "textAlign": undefined,
                      }
                    }
                  >
                    <div
                      className="renderItem"
                    >
                      <div
                        className="root font-sans text-color-gray80 line-height-18 font-size-14 v-padding-6 container"
                      />
                      <div
                        className="flexSpacer"
                      />
                    </div>
                  </div>
                </div>
                <div
                  className="pickerRow -clickable container -clickable align-items-center"
                  onClick={[Function]}
                >
                  <div
                    className="flexCell cell size-30 padding-12 padding-left-12 align-widgets-top"
                    onClick={[Function]}
                    style={
                      Object {
                        "alignSelf": undefined,
                        "flexBasis": "0",
                        "flexGrow": 1,
                        "flexShrink": undefined,
                        "minWidth": 0,
                        "textAlign": undefined,
                      }
                    }
                  >
                    <div
                      className="renderItem"
                    >
                      <div
                        className="root font-sans text-color-gray80 line-height-18 font-size-14 v-padding-6 container"
                      />
                      <div
                        className="flexSpacer"
                      />
                    </div>
                  </div>
                </div>
                <div
                  className="pickerRow -clickable container -clickable align-items-center"
                  onClick={[Function]}
                >
                  <div
                    className="flexCell cell size-30 padding-12 padding-left-12 align-widgets-top"
                    onClick={[Function]}
                    style={
                      Object {
                        "alignSelf": undefined,
                        "flexBasis": "0",
                        "flexGrow": 1,
                        "flexShrink": undefined,
                        "minWidth": 0,
                        "textAlign": undefined,
                      }
                    }
                  >
                    <div
                      className="renderItem"
                    >
                      <div
                        className="root font-sans text-color-gray80 line-height-18 font-size-14 v-padding-6 container"
                      />
                      <div
                        className="flexSpacer"
                      />
                    </div>
                  </div>
                </div>
                <div
                  className="pickerRow -clickable container -clickable align-items-center"
                  onClick={[Function]}
                >
                  <div
                    className="flexCell cell size-30 padding-12 padding-left-12 align-widgets-top"
                    onClick={[Function]}
                    style={
                      Object {
                        "alignSelf": undefined,
                        "flexBasis": "0",
                        "flexGrow": 1,
                        "flexShrink": undefined,
                        "minWidth": 0,
                        "textAlign": undefined,
                      }
                    }
                  >
                    <div
                      className="renderItem"
                    >
                      <div
                        className="root font-sans text-color-gray80 line-height-18 font-size-14 v-padding-6 container"
                      />
                      <div
                        className="flexSpacer"
                      />
                    </div>
                  </div>
                </div>
                <div
                  className="pickerRow -clickable container -clickable align-items-center"
                  onClick={[Function]}
                >
                  <div
                    className="flexCell cell size-30 padding-12 padding-left-12 align-widgets-top"
                    onClick={[Function]}
                    style={
                      Object {
                        "alignSelf": undefined,
                        "flexBasis": "0",
                        "flexGrow": 1,
                        "flexShrink": undefined,
                        "minWidth": 0,
                        "textAlign": undefined,
                      }
                    }
                  >
                    <div
                      className="renderItem"
                    >
                      <div
                        className="root font-sans text-color-gray80 line-height-18 font-size-14 v-padding-6 container"
                      />
                      <div
                        className="flexSpacer"
                      />
                    </div>
                  </div>
                </div>
                <div
                  className="pickerRow -clickable container -clickable align-items-center"
                  onClick={[Function]}
                >
                  <div
                    className="flexCell cell size-30 padding-12 padding-left-12 align-widgets-top"
                    onClick={[Function]}
                    style={
                      Object {
                        "alignSelf": undefined,
                        "flexBasis": "0",
                        "flexGrow": 1,
                        "flexShrink": undefined,
                        "minWidth": 0,
                        "textAlign": undefined,
                      }
                    }
                  >
                    <div
                      className="renderItem"
                    >
                      <div
                        className="root font-sans text-color-gray80 line-height-18 font-size-14 v-padding-6 container"
                      />
                      <div
                        className="flexSpacer"
                      />
                    </div>
                  </div>
                </div>
                <div
                  className="pickerRow -clickable container -clickable align-items-center"
                  onClick={[Function]}
                >
                  <div
                    className="flexCell cell size-30 padding-12 padding-left-12 align-widgets-top"
                    onClick={[Function]}
                    style={
                      Object {
                        "alignSelf": undefined,
                        "flexBasis": "0",
                        "flexGrow": 1,
                        "flexShrink": undefined,
                        "minWidth": 0,
                        "textAlign": undefined,
                      }
                    }
                  >
                    <div
                      className="renderItem"
                    >
                      <div
                        className="root font-sans text-color-gray80 line-height-18 font-size-14 v-padding-6 container"
                      />
                      <div
                        className="flexSpacer"
                      />
                    </div>
                  </div>
                </div>
              </div>
            </div>
          </div>
        </div>
      </div>
      <div
        className="os-scrollbar os-scrollbar-horizontal "
      >
        <div
          className="os-scrollbar-track"
        >
          <div
            className="os-scrollbar-handle"
          />
        </div>
      </div>
      <div
        className="os-scrollbar os-scrollbar-vertical"
      >
        <div
          className="os-scrollbar-track"
        >
          <div
            className="os-scrollbar-handle"
          />
        </div>
      </div>
      <div
        className="os-scrollbar-corner"
      />
    </div>
    <div
      className="uui-scroll-shadow-top"
    />
    <div
      className="uui-scroll-shadow-bottom"
    />
  </div>
</div>
`;
