// Jest Snapshot v1, https://goo.gl/fbAQLP

exports[`ScrollBars should render with default props 1`] = `
<div
  className="os-host"
  cx={
    Array [
      Array [
        "root",
        "theme-dark",
      ],
      undefined,
    ]
  }
  theme="dark"
>
  <div
    className="os-resize-observer-host"
  />
  <div
    className="os-padding"
  >
    <div
      className="os-viewport"
    >
      <div
        className="os-content"
      >
        <div
          className="container uui-button-box uui-enabled root size-36 color-sky fill-solid style-square"
          href={null}
          onClick={[Function]}
          onKeyDown={[Function]}
          tabIndex={0}
        />
      </div>
    </div>
  </div>
  <div
    className="os-scrollbar os-scrollbar-horizontal "
  >
    <div
      className="os-scrollbar-track"
    >
      <div
        className="os-scrollbar-handle"
      />
    </div>
  </div>
  <div
    className="os-scrollbar os-scrollbar-vertical"
  >
    <div
      className="os-scrollbar-track"
    >
      <div
        className="os-scrollbar-handle"
      />
    </div>
  </div>
  <div
    className="os-scrollbar-corner"
  />
</div>
`;
