// Jest Snapshot v1, https://goo.gl/fbAQLP

exports[`DataTableScrollRow should be rendered correctly 1`] = `
<div
  className="uui-table-scroll-row-container cellClass"
>
  <div
    className="container uui-table-row-container uui-table-scroll-row container align-items-center"
  >
    <div
      className="uui-table-scroll-bar"
      style={
        Object {
          "flexGrow": 100,
          "flexShrink": 1,
          "height": "100%",
          "minWidth": 0,
          "overflow": "hidden",
          "position": "relative",
          "width": 0,
        }
      }
    >
      <div
        style={
          Object {
            "WebkitOverflowScrolling": "touch",
            "bottom": 0,
            "left": 0,
            "marginBottom": 0,
            "marginRight": 0,
            "overflow": "scroll",
            "position": "absolute",
            "right": 0,
            "top": 0,
          }
        }
      >
        <div
          className="container align-items-center"
        >
          <div
            className="cellPlaceholder"
            onClick={[Function]}
            style={
              Object {
                "alignSelf": undefined,
                "flexBasis": "96px",
                "flexGrow": 0,
                "flexShrink": 0,
                "minWidth": 0,
                "textAlign": undefined,
              }
            }
          />
          <div
            className="cellPlaceholder"
            onClick={[Function]}
            style={
              Object {
                "alignSelf": undefined,
                "flexBasis": "96px",
                "flexGrow": 0,
                "flexShrink": 0,
                "minWidth": 0,
                "textAlign": undefined,
              }
            }
          />
          <div
            className="cellPlaceholder"
            onClick={[Function]}
            style={
              Object {
                "alignSelf": undefined,
                "flexBasis": "96px",
                "flexGrow": 0,
                "flexShrink": 0,
                "minWidth": 0,
                "textAlign": undefined,
              }
            }
          />
        </div>
      </div>
      <div
        style={
          Object {
            "borderRadius": 3,
            "bottom": 2,
            "display": "none",
            "height": 6,
            "left": 2,
            "position": "absolute",
            "right": 2,
          }
        }
      >
        <div
          className="uui-thumb"
        />
      </div>
      <div
        style={
          Object {
            "borderRadius": 3,
            "bottom": 2,
            "display": "none",
            "position": "absolute",
            "right": 2,
            "top": 2,
            "width": 6,
          }
        }
      >
        <div
          style={
            Object {
              "backgroundColor": "rgba(0,0,0,.2)",
              "borderRadius": "inherit",
              "cursor": "pointer",
              "display": "block",
              "position": "relative",
              "width": "100%",
            }
          }
        />
      </div>
    </div>
  </div>
</div>
`;
